components/shared/enhanced-cost-comparison.tsx(100,45): error TS2339: Property 'productCost' does not exist on type 'Product & { trustBadges: string[]; }'.
components/shared/enhanced-cost-comparison.tsx(108,46): error TS2339: Property 'savings' does not exist on type 'Product & { trustBadges: string[]; }'.
components/shared/enhanced-cost-comparison.tsx(113,74): error TS2339: Property 'savings' does not exist on type 'Product & { trustBadges: string[]; }'.
components/shared/enhanced-cost-comparison.tsx(129,51): error TS2339: Property 'productCost' does not exist on type 'Product & { trustBadges: string[]; }'.
components/shared/enhanced-cost-comparison.tsx(137,52): error TS2339: Property 'productCost' does not exist on type 'Product & { trustBadges: string[]; }'.
components/shared/enhanced-cost-comparison.tsx(143,82): error TS2339: Property 'productCost' does not exist on type 'Product & { trustBadges: string[]; }'.
components/shared/enhanced-cost-comparison.tsx(188,28): error TS2339: Property 'trustBadges' does not exist on type 'Product'.
components/shared/enhanced-cost-comparison.tsx(188,45): error TS7006: Parameter 'badge' implicitly has an 'any' type.
components/shared/enhanced-cost-comparison.tsx(188,52): error TS7006: Parameter 'badgeIndex' implicitly has an 'any' type.
components/shared/enhanced-cost-comparison.tsx(199,45): error TS2339: Property 'fairnessScore' does not exist on type 'Product'.
components/shared/enhanced-cost-comparison.tsx(200,43): error TS2339: Property 'fairnessScore' does not exist on type 'Product'.
components/shared/enhanced-cost-comparison.tsx(218,41): error TS2339: Property 'productCost' does not exist on type 'Product'.
components/shared/enhanced-cost-comparison.tsx(229,89): error TS2339: Property 'productCost' does not exist on type 'Product'.
components/shared/enhanced-cost-comparison.tsx(230,37): error TS2339: Property 'productCost' does not exist on type 'Product'.
components/smart-tools/delivery-optimizer.tsx(1429,71): error TS2551: Property 'recommendation' does not exist on type 'AIInsight'. Did you mean 'recommendedAction'?
components/smart-tools/delivery-optimizer.tsx(1433,76): error TS2322: Type '{ time?: number | undefined; fuel?: number | undefined; cost?: number | undefined; } | undefined' is not assignable to type 'ReactNode'.
  Type '{ time?: number | undefined; fuel?: number | undefined; cost?: number | undefined; }' is not assignable to type 'ReactNode'.
components/smart-tools/seller-inventory-optimizer.tsx(150,5): error TS2740: Type '{ id: string; name: string; category: string; currentStock: number; optimalStock: number; reorderPoint: number; demandForecast: number; price: number; lastUpdated: string; status: "low"; aiRecommendation: string; ... 4 more ...; profitMargin: number; }' is missing the following properties from type 'InventoryItem': weatherImpact, seasonalDemand, aiConfidence, alternativeSuppliers, and 2 more.
components/smart-tools/seller-inventory-optimizer.tsx(168,5): error TS2740: Type '{ id: string; name: string; category: string; currentStock: number; optimalStock: number; reorderPoint: number; demandForecast: number; price: number; lastUpdated: string; status: "optimal"; aiRecommendation: string; ... 4 more ...; profitMargin: number; }' is missing the following properties from type 'InventoryItem': weatherImpact, seasonalDemand, aiConfidence, alternativeSuppliers, and 2 more.
components/smart-tools/seller-inventory-optimizer.tsx(186,5): error TS2740: Type '{ id: string; name: string; category: string; currentStock: number; optimalStock: number; reorderPoint: number; demandForecast: number; price: number; lastUpdated: string; status: "low"; aiRecommendation: string; ... 4 more ...; profitMargin: number; }' is missing the following properties from type 'InventoryItem': weatherImpact, seasonalDemand, aiConfidence, alternativeSuppliers, and 2 more.
components/smart-tools/seller-inventory-optimizer.tsx(204,5): error TS2740: Type '{ id: string; name: string; category: string; currentStock: number; optimalStock: number; reorderPoint: number; demandForecast: number; price: number; lastUpdated: string; status: "excess"; aiRecommendation: string; ... 4 more ...; profitMargin: number; }' is missing the following properties from type 'InventoryItem': weatherImpact, seasonalDemand, aiConfidence, alternativeSuppliers, and 2 more.
lib/api.ts(66,7): error TS7053: Element implicitly has an 'any' type because expression of type '"Authorization"' can't be used to index type 'HeadersInit'.
  Property 'Authorization' does not exist on type 'HeadersInit'.
lib/auth.ts(13,14): error TS2769: No overload matches this call.
  Overload 1 of 5, '(payload: string | object | Buffer<ArrayBufferLike>, secretOrPrivateKey: null, options?: (SignOptions & { algorithm: "none"; }) | undefined): string', gave the following error.
    Argument of type 'string' is not assignable to parameter of type 'null'.
  Overload 2 of 5, '(payload: string | object | Buffer<ArrayBufferLike>, secretOrPrivateKey: Buffer<ArrayBufferLike> | Secret | PrivateKeyInput | JsonWebKeyInput, options?: SignOptions | undefined): string', gave the following error.
    Type 'string' is not assignable to type 'number | StringValue | undefined'.
  Overload 3 of 5, '(payload: string | object | Buffer<ArrayBufferLike>, secretOrPrivateKey: Buffer<ArrayBufferLike> | Secret | PrivateKeyInput | JsonWebKeyInput, callback: SignCallback): void', gave the following error.
    Object literal may only specify known properties, and 'expiresIn' does not exist in type 'SignCallback'.
lib/mongodb.ts(9,21): error TS7017: Element implicitly has an 'any' type because type 'typeof globalThis' has no index signature.
lib/mongodb.ts(12,19): error TS7017: Element implicitly has an 'any' type because type 'typeof globalThis' has no index signature.
lib/payment-service.ts(3,20): error TS7016: Could not find a declaration file for module 'crypto-js'. 'C:/Users/amanp/Downloads/bbms_advanced/node_modules/crypto-js/index.js' implicitly has an 'any' type.
  Try `npm i --save-dev @types/crypto-js` if it exists or add a new declaration (.d.ts) file containing `declare module 'crypto-js';`
lib/payment-service.ts(12,5): error TS2322: Type '"2024-06-20"' is not assignable to type '"2025-08-27.basil"'.
lib/payment-service.ts(410,38): error TS18047: 'stripe' is possibly 'null'.
models/Message.ts(24,3): error TS2322: Type '{ type: typeof Schema.Types.ObjectId; ref: string; required: true; }' is not assignable to type 'SchemaDefinitionProperty<string, IMessage, Document<unknown, {}, FlatRecord<IMessage>, {}, ResolveSchemaOptions<DefaultSchemaOptions>> & FlatRecord<...> & Required<...> & { ...; }> | undefined'.
  Types of property 'type' are incompatible.
    Type 'typeof ObjectId' is not assignable to type 'StringSchemaDefinition | typeof Mixed | undefined'.
      Type 'typeof ObjectId' is not assignable to type 'StringConstructor | typeof String | typeof Mixed'.
        Type 'typeof ObjectId' is missing the following properties from type 'StringConstructor': fromCharCode, fromCodePoint, raw
models/Message.ts(29,3): error TS2322: Type '{ type: typeof Schema.Types.ObjectId; ref: string; required: true; }' is not assignable to type 'SchemaDefinitionProperty<string, IMessage, Document<unknown, {}, FlatRecord<IMessage>, {}, ResolveSchemaOptions<DefaultSchemaOptions>> & FlatRecord<...> & Required<...> & { ...; }> | undefined'.
  Types of property 'type' are incompatible.
    Type 'typeof ObjectId' is not assignable to type 'StringSchemaDefinition | typeof Mixed | undefined'.
      Type 'typeof ObjectId' is not assignable to type 'StringConstructor | typeof String | typeof Mixed'.
        Type 'typeof ObjectId' is missing the following properties from type 'StringConstructor': fromCharCode, fromCodePoint, raw
models/Notification.ts(34,3): error TS2322: Type '{ type: typeof Schema.Types.ObjectId; ref: string; required: true; }' is not assignable to type 'SchemaDefinitionProperty<string, INotification, Document<unknown, {}, FlatRecord<INotification>, {}, ResolveSchemaOptions<DefaultSchemaOptions>> & FlatRecord<...> & Required<...> & { ...; }> | undefined'.
  Types of property 'type' are incompatible.
    Type 'typeof ObjectId' is not assignable to type 'StringSchemaDefinition | typeof Mixed | undefined'.
      Type 'typeof ObjectId' is not assignable to type 'StringConstructor | typeof String | typeof Mixed'.
        Type 'typeof ObjectId' is missing the following properties from type 'StringConstructor': fromCharCode, fromCodePoint, raw
models/Order.ts(76,3): error TS2322: Type '{ type: typeof Schema.Types.ObjectId; ref: string; required: true; }' is not assignable to type 'SchemaDefinitionProperty<string, IOrder, Document<unknown, {}, FlatRecord<IOrder>, {}, ResolveSchemaOptions<DefaultSchemaOptions>> & FlatRecord<...> & Required<...> & { ...; }> | undefined'.
  Types of property 'type' are incompatible.
    Type 'typeof ObjectId' is not assignable to type 'StringSchemaDefinition | typeof Mixed | undefined'.
      Type 'typeof ObjectId' is not assignable to type 'StringConstructor | typeof String | typeof Mixed'.
        Type 'typeof ObjectId' is missing the following properties from type 'StringConstructor': fromCharCode, fromCodePoint, raw
models/Supplier.ts(81,3): error TS2322: Type '{ type: typeof Schema.Types.ObjectId; ref: string; required: true; }' is not assignable to type 'SchemaDefinitionProperty<string, ISupplier, Document<unknown, {}, FlatRecord<ISupplier>, {}, ResolveSchemaOptions<DefaultSchemaOptions>> & FlatRecord<...> & Required<...> & { ...; }> | undefined'.
  Types of property 'type' are incompatible.
    Type 'typeof ObjectId' is not assignable to type 'StringSchemaDefinition | typeof Mixed | undefined'.
      Type 'typeof ObjectId' is not assignable to type 'StringConstructor | typeof String | typeof Mixed'.
        Type 'typeof ObjectId' is missing the following properties from type 'StringConstructor': fromCharCode, fromCodePoint, raw
